Tue, Dec 16, 2025  1:52:08 PM - Misslyckat inloggningsförsök: User anna failed login attempt
Tue, Dec 16, 2025  1:52:09 PM - Error hittad: System error: disk not found
Tue, Dec 16, 2025  1:52:09 PM - Obehörigt försök: Unauthorized access attempt from 10.0.0.55
Tue, Dec 16, 2025  1:52:09 PM - Misslyckat inloggningsförsök: User anna failed login attempt
Tue, Dec 16, 2025  1:52:10 PM - ANALYS KLAR
Tue, Dec 16, 2025  1:52:10 PM - Antal misslyckade inloggningar: 2
Tue, Dec 16, 2025  1:52:10 PM - Antal errors: 1
Tue, Dec 16, 2025  1:52:10 PM - Antal obehöriga försök: 1
Tue, Dec 16, 2025  1:55:39 PM - Misslyckat inloggningsförsök: User anna failed login attempt
Tue, Dec 16, 2025  1:55:39 PM - Error hittad: System error: disk not found
Tue, Dec 16, 2025  1:55:40 PM - Obehörigt försök: Unauthorized access attempt from 10.0.0.55
Tue, Dec 16, 2025  1:55:40 PM - Misslyckat inloggningsförsök: User anna failed login attempt
Tue, Dec 16, 2025  1:55:40 PM - ANALYS KLAR
Tue, Dec 16, 2025  1:55:40 PM - Antal misslyckade inloggningar: 2
Tue, Dec 16, 2025  1:55:40 PM - Antal errors: 1
Tue, Dec 16, 2025  1:55:40 PM - Antal obehöriga försök: 1
Tue, Dec 16, 2025  1:56:29 PM - Misslyckat inloggningsförsök: User anna failed login attempt
Tue, Dec 16, 2025  1:56:29 PM - Error hittad: System error: disk not found
Tue, Dec 16, 2025  1:56:30 PM - Obehörigt försök: Unauthorized access attempt from 10.0.0.55
Tue, Dec 16, 2025  1:56:30 PM - Misslyckat inloggningsförsök: User anna failed login attempt
Tue, Dec 16, 2025  1:56:30 PM - ANALYS KLAR
Tue, Dec 16, 2025  1:56:30 PM - Antal misslyckade inloggningar: 2
Tue, Dec 16, 2025  1:56:30 PM - Antal errors: 1
Tue, Dec 16, 2025  1:56:30 PM - Antal obehöriga försök: 1
12/16/2025 13:59:10 - Misslyckat inloggningsförsök: User anna failed login attempt
12/16/2025 13:59:10 - Error hittad: System error: disk not found
12/16/2025 13:59:10 - Obehörigt försök: Unauthorized access attempt from 10.0.0.55
12/16/2025 13:59:10 - Misslyckat inloggningsförsök: User anna failed login attempt
12/16/2025 13:59:10 - Error hittad: Error reading configuration file
12/16/2025 13:59:10 - ANALYS KLAR
12/16/2025 13:59:10 - Antal misslyckade inloggningar: 2
12/16/2025 13:59:10 - Antal errors: 2
12/16/2025 13:59:10 - Antal obehöriga försök: 1
12/16/2025 13:59:52 - Misslyckat inloggningsförsök: User anna failed login attempt
12/16/2025 13:59:52 - Error hittad: System error: disk not found
12/16/2025 13:59:52 - Obehörigt försök: Unauthorized access attempt from 10.0.0.55
12/16/2025 13:59:52 - Misslyckat inloggningsförsök: User anna failed login attempt
12/16/2025 13:59:52 - Error hittad: Error reading configuration file
12/16/2025 13:59:52 - ANALYS KLAR
12/16/2025 13:59:52 - Antal misslyckade inloggningar: 2
12/16/2025 13:59:52 - Antal errors: 2
12/16/2025 13:59:52 - Antal obehöriga försök: 1
12/16/2025 14:00:15 - Misslyckat inloggningsförsök: User anna failed login attempt
12/16/2025 14:00:15 - Error hittad: System error: disk not found
12/16/2025 14:00:15 - Obehörigt försök: Unauthorized access attempt from 10.0.0.55
12/16/2025 14:00:15 - Misslyckat inloggningsförsök: User anna failed login attempt
12/16/2025 14:00:15 - Error hittad: Error reading configuration file
12/16/2025 14:00:15 - ANALYS KLAR
12/16/2025 14:00:15 - Antal misslyckade inloggningar: 2
12/16/2025 14:00:15 - Antal errors: 2
12/16/2025 14:00:15 - Antal obehöriga försök: 1
