2025-12-24 12:37:53 - anna – MEDIUM RISK (failed attempts)
2025-12-24 12:37:54 - david – MEDIUM RISK (failed attempts)
2025-12-24 12:37:54 - erik – HIGH RISK (3+ failed attempts)
2025-12-24 12:37:54 - sofia – LOW RISK
2025-12-24 12:37:54 - Analys slutförd.
2025-12-24 12:39:56 - anna – MEDIUM RISK (failed attempts)
2025-12-24 12:39:56 - david – MEDIUM RISK (failed attempts)
2025-12-24 12:39:56 - erik – HIGH RISK (3+ failed attempts)
2025-12-24 12:39:56 - sofia – LOW RISK
2025-12-24 12:39:56 - Analys slutförd.
2025-12-24 12:43:57 - anna – MEDIUM RISK (failed attempts)
2025-12-24 12:43:58 - david – MEDIUM RISK (failed attempts)
2025-12-24 12:43:58 - erik – HIGH RISK (3+ failed attempts)
2025-12-24 12:43:58 - sofia – LOW RISK
2025-12-24 12:43:58 - Analys slutförd.
2025-12-24 12:44:19 - anna – MEDIUM RISK (failed attempts)
2025-12-24 12:44:19 - david – MEDIUM RISK (failed attempts)
2025-12-24 12:44:19 - erik – HIGH RISK (3+ failed attempts)
2025-12-24 12:44:19 - sofia – LOW RISK
2025-12-24 12:44:19 - Analys slutförd.
2025-12-24 12:46:11 - anna – MEDIUM RISK (failed attempts)
2025-12-24 12:46:11 - david – MEDIUM RISK (failed attempts)
2025-12-24 12:46:11 - erik – HIGH RISK (3+ failed attempts)
2025-12-24 12:46:12 - sofia – LOW RISK
2025-12-24 12:46:12 - Analys slutförd.
